Archive member included to satisfy reference by file (symbol)

/usr/lib/gcc/avr/5.3.0/avr5/libgcc.a(_exit.o)
                              /usr/lib/gcc/avr/5.3.0/../../../../avr/lib/avr5/crtatmega32u4.o (exit)
/usr/lib/gcc/avr/5.3.0/avr5/libgcc.a(_copy_data.o)
                              obj/Joystick.o (__do_copy_data)
/usr/lib/gcc/avr/5.3.0/avr5/libgcc.a(_clear_bss.o)
                              obj/Joystick.o (__do_clear_bss)
/usr/lib/gcc/avr/5.3.0/../../../../avr/lib/avr5/libc.a(memcpy_P.o)
                              obj/RNDISClassDevice.o (memcpy_P)
/usr/lib/gcc/avr/5.3.0/../../../../avr/lib/avr5/libc.a(strlen_P.o)
                              obj/CDCClassDevice.o (__strlen_P)
/usr/lib/gcc/avr/5.3.0/../../../../avr/lib/avr5/libc.a(memcmp.o)
                              obj/HIDClassDevice.o (memcmp)
/usr/lib/gcc/avr/5.3.0/../../../../avr/lib/avr5/libc.a(memcpy.o)
                              obj/HIDClassDevice.o (memcpy)
/usr/lib/gcc/avr/5.3.0/../../../../avr/lib/avr5/libc.a(memset.o)
                              obj/HIDClassDevice.o (memset)
/usr/lib/gcc/avr/5.3.0/../../../../avr/lib/avr5/libatmega32u4.a(eerd_byte.o)
                              obj/EndpointStream_AVR8.o (eeprom_read_byte)
/usr/lib/gcc/avr/5.3.0/../../../../avr/lib/avr5/libatmega32u4.a(eeupd_byte.o)
                              obj/EndpointStream_AVR8.o (eeprom_update_byte)

Allocating common symbols
Common symbol       size              file

USB_IsInitialized   0x1               obj/USBTask.o
USB_DeviceState     0x1               obj/USBTask.o
USB_Device_ConfigurationNumber
                    0x1               obj/DeviceStandardReq.o
USB_Device_CurrentlySelfPowered
                    0x1               obj/DeviceStandardReq.o
USB_ControlRequest  0x8               obj/USBTask.o
USB_Device_RemoteWakeupEnabled
                    0x1               obj/DeviceStandardReq.o

Discarded input sections

 .data          0x00000000        0x0 /usr/lib/gcc/avr/5.3.0/../../../../avr/lib/avr5/crtatmega32u4.o
 .bss           0x00000000        0x0 /usr/lib/gcc/avr/5.3.0/../../../../avr/lib/avr5/crtatmega32u4.o
 .text          0x00000000        0x0 obj/Joystick.o
 .text          0x00000000        0x0 obj/Descriptors.o
 .data          0x00000000        0x0 obj/Descriptors.o
 .bss           0x00000000        0x0 obj/Descriptors.o
 .text          0x00000000        0x0 obj/HIDParser.o
 .data          0x00000000        0x0 obj/HIDParser.o
 .bss           0x00000000        0x0 obj/HIDParser.o
 .text.USB_ProcessHIDReport
                0x00000000      0x678 obj/HIDParser.o
 .text.USB_GetHIDReportItemInfo
                0x00000000       0xbc obj/HIDParser.o
 .text.USB_SetHIDReportItemInfo
                0x00000000       0xce obj/HIDParser.o
 .text.USB_GetHIDReportSize
                0x00000000       0x56 obj/HIDParser.o
 .debug_info    0x00000000      0x739 obj/HIDParser.o
 .debug_abbrev  0x00000000      0x21a obj/HIDParser.o
 .debug_loc     0x00000000      0xbbb obj/HIDParser.o
 .debug_aranges
                0x00000000       0x38 obj/HIDParser.o
 .debug_ranges  0x00000000       0xd0 obj/HIDParser.o
 .debug_line    0x00000000      0x55b obj/HIDParser.o
 .debug_str     0x00000000      0x6bd obj/HIDParser.o
 .comment       0x00000000       0x12 obj/HIDParser.o
 .debug_frame   0x00000000      0x128 obj/HIDParser.o
 .text          0x00000000        0x0 obj/Device_AVR8.o
 .data          0x00000000        0x0 obj/Device_AVR8.o
 .bss           0x00000000        0x0 obj/Device_AVR8.o
 .text.USB_Device_SendRemoteWakeup
                0x00000000       0x2c obj/Device_AVR8.o
 .debug_info    0x00000000       0xd2 obj/Device_AVR8.o
 .debug_abbrev  0x00000000       0x80 obj/Device_AVR8.o
 .debug_aranges
                0x00000000       0x20 obj/Device_AVR8.o
 .debug_ranges  0x00000000       0x10 obj/Device_AVR8.o
 .debug_line    0x00000000       0xfb obj/Device_AVR8.o
 .debug_str     0x00000000      0x1f9 obj/Device_AVR8.o
 .comment       0x00000000       0x12 obj/Device_AVR8.o
 .debug_frame   0x00000000       0x24 obj/Device_AVR8.o
 .text          0x00000000        0x0 obj/EndpointStream_AVR8.o
 .data          0x00000000        0x0 obj/EndpointStream_AVR8.o
 .bss           0x00000000        0x0 obj/EndpointStream_AVR8.o
 .text.Endpoint_Discard_Stream
                0x00000000       0x80 obj/EndpointStream_AVR8.o
 .text.Endpoint_Null_Stream
                0x00000000       0x80 obj/EndpointStream_AVR8.o
 .text.Endpoint_Write_Stream_BE
                0x00000000       0xa4 obj/EndpointStream_AVR8.o
 .text.Endpoint_Read_Stream_LE
                0x00000000       0x9a obj/EndpointStream_AVR8.o
 .text.Endpoint_Read_Stream_BE
                0x00000000       0xa4 obj/EndpointStream_AVR8.o
 .text.Endpoint_Write_PStream_LE
                0x00000000       0xa0 obj/EndpointStream_AVR8.o
 .text.Endpoint_Write_PStream_BE
                0x00000000       0xa6 obj/EndpointStream_AVR8.o
 .text.Endpoint_Write_EStream_LE
                0x00000000       0xa0 obj/EndpointStream_AVR8.o
 .text.Endpoint_Write_EStream_BE
                0x00000000       0xa8 obj/EndpointStream_AVR8.o
 .text.Endpoint_Read_EStream_LE
                0x00000000       0xa0 obj/EndpointStream_AVR8.o
 .text.Endpoint_Read_EStream_BE
                0x00000000       0xa8 obj/EndpointStream_AVR8.o
 .text.Endpoint_Write_Control_Stream_BE
                0x00000000       0xd0 obj/EndpointStream_AVR8.o
 .text.Endpoint_Read_Control_Stream_BE
                0x00000000       0x82 obj/EndpointStream_AVR8.o
 .text.Endpoint_Write_Control_PStream_BE
                0x00000000       0xce obj/EndpointStream_AVR8.o
 .text.Endpoint_Write_Control_EStream_LE
                0x00000000       0xf4 obj/EndpointStream_AVR8.o
 .text.Endpoint_Write_Control_EStream_BE
                0x00000000      0x100 obj/EndpointStream_AVR8.o
 .text.Endpoint_Read_Control_EStream_LE
                0x00000000       0x94 obj/EndpointStream_AVR8.o
 .text.Endpoint_Read_Control_EStream_BE
                0x00000000       0x92 obj/EndpointStream_AVR8.o
 .text          0x00000000        0x0 obj/Endpoint_AVR8.o
 .data          0x00000000        0x0 obj/Endpoint_AVR8.o
 .bss           0x00000000        0x0 obj/Endpoint_AVR8.o
 .text.Endpoint_ClearEndpoints
                0x00000000       0x28 obj/Endpoint_AVR8.o
 .text          0x00000000        0x0 obj/Host_AVR8.o
 .data          0x00000000        0x0 obj/Host_AVR8.o
 .bss           0x00000000        0x0 obj/Host_AVR8.o
 .debug_info    0x00000000       0x56 obj/Host_AVR8.o
 .debug_abbrev  0x00000000       0x26 obj/Host_AVR8.o
 .debug_aranges
                0x00000000       0x18 obj/Host_AVR8.o
 .debug_line    0x00000000       0x1d obj/Host_AVR8.o
 .debug_str     0x00000000      0x198 obj/Host_AVR8.o
 .comment       0x00000000       0x12 obj/Host_AVR8.o
 .text          0x00000000        0x0 obj/PipeStream_AVR8.o
 .data          0x00000000        0x0 obj/PipeStream_AVR8.o
 .bss           0x00000000        0x0 obj/PipeStream_AVR8.o
 .debug_info    0x00000000       0x56 obj/PipeStream_AVR8.o
 .debug_abbrev  0x00000000       0x26 obj/PipeStream_AVR8.o
 .debug_aranges
                0x00000000       0x18 obj/PipeStream_AVR8.o
 .debug_line    0x00000000       0x1d obj/PipeStream_AVR8.o
 .debug_str     0x00000000      0x19e obj/PipeStream_AVR8.o
 .comment       0x00000000       0x12 obj/PipeStream_AVR8.o
 .text          0x00000000        0x0 obj/Pipe_AVR8.o
 .data          0x00000000        0x0 obj/Pipe_AVR8.o
 .bss           0x00000000        0x0 obj/Pipe_AVR8.o
 .debug_info    0x00000000       0x56 obj/Pipe_AVR8.o
 .debug_abbrev  0x00000000       0x26 obj/Pipe_AVR8.o
 .debug_aranges
                0x00000000       0x18 obj/Pipe_AVR8.o
 .debug_line    0x00000000       0x1d obj/Pipe_AVR8.o
 .debug_str     0x00000000      0x198 obj/Pipe_AVR8.o
 .comment       0x00000000       0x12 obj/Pipe_AVR8.o
 .text          0x00000000        0x0 obj/USBController_AVR8.o
 .data          0x00000000        0x0 obj/USBController_AVR8.o
 .bss           0x00000000        0x0 obj/USBController_AVR8.o
 .text.USB_Disable
                0x00000000       0x34 obj/USBController_AVR8.o
 .text          0x00000000        0x0 obj/USBInterrupt_AVR8.o
 .data          0x00000000        0x0 obj/USBInterrupt_AVR8.o
 .bss           0x00000000        0x0 obj/USBInterrupt_AVR8.o
 .text          0x00000000        0x0 obj/ConfigDescriptors.o
 .data          0x00000000        0x0 obj/ConfigDescriptors.o
 .bss           0x00000000        0x0 obj/ConfigDescriptors.o
 .text.USB_GetNextDescriptor
                0x00000000       0x3c obj/ConfigDescriptors.o
 .text.USB_GetNextDescriptorOfType
                0x00000000       0x48 obj/ConfigDescriptors.o
 .text.USB_GetNextDescriptorOfTypeBefore
                0x00000000       0x58 obj/ConfigDescriptors.o
 .text.USB_GetNextDescriptorOfTypeAfter
                0x00000000       0x3e obj/ConfigDescriptors.o
 .text.USB_GetNextDescriptorComp
                0x00000000       0x66 obj/ConfigDescriptors.o
 .debug_info    0x00000000      0x3d5 obj/ConfigDescriptors.o
 .debug_abbrev  0x00000000      0x185 obj/ConfigDescriptors.o
 .debug_loc     0x00000000      0x5bd obj/ConfigDescriptors.o
 .debug_aranges
                0x00000000       0x40 obj/ConfigDescriptors.o
 .debug_ranges  0x00000000       0x30 obj/ConfigDescriptors.o
 .debug_line    0x00000000      0x1c5 obj/ConfigDescriptors.o
 .debug_str     0x00000000      0x3e1 obj/ConfigDescriptors.o
 .comment       0x00000000       0x12 obj/ConfigDescriptors.o
 .debug_frame   0x00000000      0x108 obj/ConfigDescriptors.o
 .text          0x00000000        0x0 obj/DeviceStandardReq.o
 .data          0x00000000        0x0 obj/DeviceStandardReq.o
 .bss           0x00000000        0x0 obj/DeviceStandardReq.o
 .text          0x00000000        0x0 obj/Events.o
 .data          0x00000000        0x0 obj/Events.o
 .bss           0x00000000        0x0 obj/Events.o
 .text          0x00000000        0x0 obj/HostStandardReq.o
 .data          0x00000000        0x0 obj/HostStandardReq.o
 .bss           0x00000000        0x0 obj/HostStandardReq.o
 .debug_info    0x00000000       0x56 obj/HostStandardReq.o
 .debug_abbrev  0x00000000       0x26 obj/HostStandardReq.o
 .debug_aranges
                0x00000000       0x18 obj/HostStandardReq.o
 .debug_line    0x00000000       0x1d obj/HostStandardReq.o
 .debug_str     0x00000000      0x199 obj/HostStandardReq.o
 .comment       0x00000000       0x12 obj/HostStandardReq.o
 .text          0x00000000        0x0 obj/USBTask.o
 .data          0x00000000        0x0 obj/USBTask.o
 .bss           0x00000000        0x0 obj/USBTask.o
 .text          0x00000000        0x0 obj/AudioClassDevice.o
 .data          0x00000000        0x0 obj/AudioClassDevice.o
 .bss           0x00000000        0x0 obj/AudioClassDevice.o
 .text.Audio_Device_ConfigureEndpoints
                0x00000000       0x32 obj/AudioClassDevice.o
 .text.Audio_Device_Event_Stub
                0x00000000        0x2 obj/AudioClassDevice.o
 .text.Audio_Device_ProcessControlRequest
                0x00000000      0x2e4 obj/AudioClassDevice.o
 .debug_info    0x00000000      0x84b obj/AudioClassDevice.o
 .debug_abbrev  0x00000000      0x1e6 obj/AudioClassDevice.o
 .debug_loc     0x00000000      0x37c obj/AudioClassDevice.o
 .debug_aranges
                0x00000000       0x30 obj/AudioClassDevice.o
 .debug_ranges  0x00000000       0x20 obj/AudioClassDevice.o
 .debug_line    0x00000000      0x3f9 obj/AudioClassDevice.o
 .debug_str     0x00000000      0x6b5 obj/AudioClassDevice.o
 .comment       0x00000000       0x12 obj/AudioClassDevice.o
 .debug_frame   0x00000000       0xa8 obj/AudioClassDevice.o
 .text          0x00000000        0x0 obj/CDCClassDevice.o
 .data          0x00000000        0x0 obj/CDCClassDevice.o
 .bss           0x00000000        0x0 obj/CDCClassDevice.o
 .text.CDC_Device_ConfigureEndpoints
                0x00000000       0x50 obj/CDCClassDevice.o
 .text.CDC_Device_SendString
                0x00000000       0x42 obj/CDCClassDevice.o
 .text.CDC_Device_SendString_P
                0x00000000       0x46 obj/CDCClassDevice.o
 .text.CDC_Device_SendData
                0x00000000       0x34 obj/CDCClassDevice.o
 .text.CDC_Device_SendData_P
                0x00000000       0x34 obj/CDCClassDevice.o
 .text.CDC_Device_SendByte
                0x00000000       0x66 obj/CDCClassDevice.o
 .text.CDC_Device_putchar
                0x00000000       0x22 obj/CDCClassDevice.o
 .text.CDC_Device_Flush
                0x00000000       0x5e obj/CDCClassDevice.o
 .text.CDC_Device_USBTask
                0x00000000       0x2e obj/CDCClassDevice.o
 .text.CDC_Device_BytesReceived
                0x00000000       0x5a obj/CDCClassDevice.o
 .text.CDC_Device_ReceiveByte
                0x00000000       0x6a obj/CDCClassDevice.o
 .text.CDC_Device_getchar
                0x00000000       0x14 obj/CDCClassDevice.o
 .text.CDC_Device_getchar_Blocking
                0x00000000       0x32 obj/CDCClassDevice.o
 .rodata        0x00000000        0x8 obj/CDCClassDevice.o
 .text.CDC_Device_SendControlLineStateChange
                0x00000000       0x8e obj/CDCClassDevice.o
 .text.CDC_Device_CreateStream
                0x00000000       0x26 obj/CDCClassDevice.o
 .text.CDC_Device_CreateBlockingStream
                0x00000000       0x26 obj/CDCClassDevice.o
 .text.CDC_Device_Event_Stub
                0x00000000        0x2 obj/CDCClassDevice.o
 .text.CDC_Device_ProcessControlRequest
                0x00000000      0x16e obj/CDCClassDevice.o
 .debug_info    0x00000000      0xff3 obj/CDCClassDevice.o
 .debug_abbrev  0x00000000      0x40d obj/CDCClassDevice.o
 .debug_loc     0x00000000      0xa1b obj/CDCClassDevice.o
 .debug_aranges
                0x00000000       0xa8 obj/CDCClassDevice.o
 .debug_ranges  0x00000000       0x98 obj/CDCClassDevice.o
 .debug_line    0x00000000      0x889 obj/CDCClassDevice.o
 .debug_str     0x00000000      0xa72 obj/CDCClassDevice.o
 .comment       0x00000000       0x12 obj/CDCClassDevice.o
 .debug_frame   0x00000000      0x19c obj/CDCClassDevice.o
 .text          0x00000000        0x0 obj/HIDClassDevice.o
 .data          0x00000000        0x0 obj/HIDClassDevice.o
 .bss           0x00000000        0x0 obj/HIDClassDevice.o
 .text          0x00000000        0x0 obj/MassStorageClassDevice.o
 .data          0x00000000        0x0 obj/MassStorageClassDevice.o
 .bss           0x00000000        0x0 obj/MassStorageClassDevice.o
 .text.MS_Device_ProcessControlRequest
                0x00000000       0x82 obj/MassStorageClassDevice.o
 .text.MS_Device_ConfigureEndpoints
                0x00000000       0x3e obj/MassStorageClassDevice.o
 .text.MS_Device_USBTask
                0x00000000      0x23e obj/MassStorageClassDevice.o
 .debug_info    0x00000000      0x91c obj/MassStorageClassDevice.o
 .debug_abbrev  0x00000000      0x26d obj/MassStorageClassDevice.o
 .debug_loc     0x00000000      0x293 obj/MassStorageClassDevice.o
 .debug_aranges
                0x00000000       0x30 obj/MassStorageClassDevice.o
 .debug_ranges  0x00000000       0x20 obj/MassStorageClassDevice.o
 .debug_line    0x00000000      0x473 obj/MassStorageClassDevice.o
 .debug_str     0x00000000      0x80d obj/MassStorageClassDevice.o
 .comment       0x00000000       0x12 obj/MassStorageClassDevice.o
 .debug_frame   0x00000000       0x80 obj/MassStorageClassDevice.o
 .text          0x00000000        0x0 obj/MIDIClassDevice.o
 .data          0x00000000        0x0 obj/MIDIClassDevice.o
 .bss           0x00000000        0x0 obj/MIDIClassDevice.o
 .text.MIDI_Device_ConfigureEndpoints
                0x00000000       0x32 obj/MIDIClassDevice.o
 .text.MIDI_Device_SendEventPacket
                0x00000000       0x46 obj/MIDIClassDevice.o
 .text.MIDI_Device_Flush
                0x00000000       0x38 obj/MIDIClassDevice.o
 .text.MIDI_Device_USBTask
                0x00000000       0x22 obj/MIDIClassDevice.o
 .text.MIDI_Device_ReceiveEventPacket
                0x00000000       0x4c obj/MIDIClassDevice.o
 .debug_info    0x00000000      0x5de obj/MIDIClassDevice.o
 .debug_abbrev  0x00000000      0x219 obj/MIDIClassDevice.o
 .debug_loc     0x00000000      0x2e6 obj/MIDIClassDevice.o
 .debug_aranges
                0x00000000       0x40 obj/MIDIClassDevice.o
 .debug_ranges  0x00000000       0x30 obj/MIDIClassDevice.o
 .debug_line    0x00000000      0x359 obj/MIDIClassDevice.o
 .debug_str     0x00000000      0x676 obj/MIDIClassDevice.o
 .comment       0x00000000       0x12 obj/MIDIClassDevice.o
 .debug_frame   0x00000000       0x70 obj/MIDIClassDevice.o
 .text          0x00000000        0x0 obj/PrinterClassDevice.o
 .data          0x00000000        0x0 obj/PrinterClassDevice.o
 .bss           0x00000000        0x0 obj/PrinterClassDevice.o
 .text.PRNT_Device_ConfigureEndpoints
                0x00000000       0x38 obj/PrinterClassDevice.o
 .text.PRNT_Device_SendString
                0x00000000       0x32 obj/PrinterClassDevice.o
 .text.PRNT_Device_SendData
                0x00000000       0x24 obj/PrinterClassDevice.o
 .text.PRNT_Device_SendByte
                0x00000000       0x4e obj/PrinterClassDevice.o
 .text.PRNT_Device_putchar
                0x00000000       0x22 obj/PrinterClassDevice.o
 .text.PRNT_Device_Flush
                0x00000000       0x4e obj/PrinterClassDevice.o
 .text.PRNT_Device_USBTask
                0x00000000       0x9c obj/PrinterClassDevice.o
 .text.PRNT_Device_BytesReceived
                0x00000000       0x4a obj/PrinterClassDevice.o
 .text.PRNT_Device_ReceiveByte
                0x00000000       0x5a obj/PrinterClassDevice.o
 .text.PRNT_Device_getchar
                0x00000000       0x14 obj/PrinterClassDevice.o
 .text.PRNT_Device_getchar_Blocking
                0x00000000       0x32 obj/PrinterClassDevice.o
 .text.PRNT_Device_CreateStream
                0x00000000       0x26 obj/PrinterClassDevice.o
 .text.PRNT_Device_CreateBlockingStream
                0x00000000       0x26 obj/PrinterClassDevice.o
 .text.PRNT_Device_Event_Stub
                0x00000000        0x2 obj/PrinterClassDevice.o
 .text.PRNT_Device_ProcessControlRequest
                0x00000000       0xdc obj/PrinterClassDevice.o
 .debug_info    0x00000000      0xcbc obj/PrinterClassDevice.o
 .debug_abbrev  0x00000000      0x317 obj/PrinterClassDevice.o
 .debug_loc     0x00000000      0x863 obj/PrinterClassDevice.o
 .debug_aranges
                0x00000000       0x90 obj/PrinterClassDevice.o
 .debug_ranges  0x00000000       0x80 obj/PrinterClassDevice.o
 .debug_line    0x00000000      0x67f obj/PrinterClassDevice.o
 .debug_str     0x00000000      0x944 obj/PrinterClassDevice.o
 .comment       0x00000000       0x12 obj/PrinterClassDevice.o
 .debug_frame   0x00000000      0x144 obj/PrinterClassDevice.o
 .text          0x00000000        0x0 obj/RNDISClassDevice.o
 .data          0x00000000        0x0 obj/RNDISClassDevice.o
 .bss           0x00000000        0x0 obj/RNDISClassDevice.o
 .text.RNDIS_Device_ProcessControlRequest
                0x00000000      0x506 obj/RNDISClassDevice.o
 .text.RNDIS_Device_ConfigureEndpoints
                0x00000000       0x62 obj/RNDISClassDevice.o
 .rodata        0x00000000        0x8 obj/RNDISClassDevice.o
 .text.RNDIS_Device_USBTask
                0x00000000       0x80 obj/RNDISClassDevice.o
 .text.RNDIS_Device_IsPacketReceived
                0x00000000       0x28 obj/RNDISClassDevice.o
 .text.RNDIS_Device_ReadPacket
                0x00000000       0xb6 obj/RNDISClassDevice.o
 .text.RNDIS_Device_SendPacket
                0x00000000       0xd4 obj/RNDISClassDevice.o
 .progmem.data  0x00000000       0x6c obj/RNDISClassDevice.o
 .debug_info    0x00000000     0x10d8 obj/RNDISClassDevice.o
 .debug_abbrev  0x00000000      0x353 obj/RNDISClassDevice.o
 .debug_loc     0x00000000      0xd81 obj/RNDISClassDevice.o
 .debug_aranges
                0x00000000       0x48 obj/RNDISClassDevice.o
 .debug_ranges  0x00000000       0x88 obj/RNDISClassDevice.o
 .debug_line    0x00000000      0x661 obj/RNDISClassDevice.o
 .debug_str     0x00000000      0xd70 obj/RNDISClassDevice.o
 .comment       0x00000000       0x12 obj/RNDISClassDevice.o
 .debug_frame   0x00000000      0x10c obj/RNDISClassDevice.o
 .text          0x00000000        0x0 obj/AndroidAccessoryClassHost.o
 .data          0x00000000        0x0 obj/AndroidAccessoryClassHost.o
 .bss           0x00000000        0x0 obj/AndroidAccessoryClassHost.o
 .debug_info    0x00000000       0x56 obj/AndroidAccessoryClassHost.o
 .debug_abbrev  0x00000000       0x26 obj/AndroidAccessoryClassHost.o
 .debug_aranges
                0x00000000       0x18 obj/AndroidAccessoryClassHost.o
 .debug_line    0x00000000       0x1d obj/AndroidAccessoryClassHost.o
 .debug_str     0x00000000      0x1a9 obj/AndroidAccessoryClassHost.o
 .comment       0x00000000       0x12 obj/AndroidAccessoryClassHost.o
 .text          0x00000000        0x0 obj/AudioClassHost.o
 .data          0x00000000        0x0 obj/AudioClassHost.o
 .bss           0x00000000        0x0 obj/AudioClassHost.o
 .debug_info    0x00000000       0x56 obj/AudioClassHost.o
 .debug_abbrev  0x00000000       0x26 obj/AudioClassHost.o
 .debug_aranges
                0x00000000       0x18 obj/AudioClassHost.o
 .debug_line    0x00000000       0x1d obj/AudioClassHost.o
 .debug_str     0x00000000      0x19e obj/AudioClassHost.o
 .comment       0x00000000       0x12 obj/AudioClassHost.o
 .text          0x00000000        0x0 obj/CDCClassHost.o
 .data          0x00000000        0x0 obj/CDCClassHost.o
 .bss           0x00000000        0x0 obj/CDCClassHost.o
 .debug_info    0x00000000       0x56 obj/CDCClassHost.o
 .debug_abbrev  0x00000000       0x26 obj/CDCClassHost.o
 .debug_aranges
                0x00000000       0x18 obj/CDCClassHost.o
 .debug_line    0x00000000       0x1d obj/CDCClassHost.o
 .debug_str     0x00000000      0x19c obj/CDCClassHost.o
 .comment       0x00000000       0x12 obj/CDCClassHost.o
 .text          0x00000000        0x0 obj/HIDClassHost.o
 .data          0x00000000        0x0 obj/HIDClassHost.o
 .bss           0x00000000        0x0 obj/HIDClassHost.o
 .debug_info    0x00000000       0x56 obj/HIDClassHost.o
 .debug_abbrev  0x00000000       0x26 obj/HIDClassHost.o
 .debug_aranges
                0x00000000       0x18 obj/HIDClassHost.o
 .debug_line    0x00000000       0x1d obj/HIDClassHost.o
 .debug_str     0x00000000      0x19c obj/HIDClassHost.o
 .comment       0x00000000       0x12 obj/HIDClassHost.o
 .text          0x00000000        0x0 obj/MassStorageClassHost.o
 .data          0x00000000        0x0 obj/MassStorageClassHost.o
 .bss           0x00000000        0x0 obj/MassStorageClassHost.o
 .debug_info    0x00000000       0x56 obj/MassStorageClassHost.o
 .debug_abbrev  0x00000000       0x26 obj/MassStorageClassHost.o
 .debug_aranges
                0x00000000       0x18 obj/MassStorageClassHost.o
 .debug_line    0x00000000       0x1d obj/MassStorageClassHost.o
 .debug_str     0x00000000      0x1a4 obj/MassStorageClassHost.o
 .comment       0x00000000       0x12 obj/MassStorageClassHost.o
 .text          0x00000000        0x0 obj/MIDIClassHost.o
 .data          0x00000000        0x0 obj/MIDIClassHost.o
 .bss           0x00000000        0x0 obj/MIDIClassHost.o
 .debug_info    0x00000000       0x56 obj/MIDIClassHost.o
 .debug_abbrev  0x00000000       0x26 obj/MIDIClassHost.o
 .debug_aranges
                0x00000000       0x18 obj/MIDIClassHost.o
 .debug_line    0x00000000       0x1d obj/MIDIClassHost.o
 .debug_str     0x00000000      0x19d obj/MIDIClassHost.o
 .comment       0x00000000       0x12 obj/MIDIClassHost.o
 .text          0x00000000        0x0 obj/PrinterClassHost.o
 .data          0x00000000        0x0 obj/PrinterClassHost.o
 .bss           0x00000000        0x0 obj/PrinterClassHost.o
 .debug_info    0x00000000       0x56 obj/PrinterClassHost.o
 .debug_abbrev  0x00000000       0x26 obj/PrinterClassHost.o
 .debug_aranges
                0x00000000       0x18 obj/PrinterClassHost.o
 .debug_line    0x00000000       0x1d obj/PrinterClassHost.o
 .debug_str     0x00000000      0x1a0 obj/PrinterClassHost.o
 .comment       0x00000000       0x12 obj/PrinterClassHost.o
 .text          0x00000000        0x0 obj/RNDISClassHost.o
 .data          0x00000000        0x0 obj/RNDISClassHost.o
 .bss           0x00000000        0x0 obj/RNDISClassHost.o
 .debug_info    0x00000000       0x56 obj/RNDISClassHost.o
 .debug_abbrev  0x00000000       0x26 obj/RNDISClassHost.o
 .debug_aranges
                0x00000000       0x18 obj/RNDISClassHost.o
 .debug_line    0x00000000       0x1d obj/RNDISClassHost.o
 .debug_str     0x00000000      0x19e obj/RNDISClassHost.o
 .comment       0x00000000       0x12 obj/RNDISClassHost.o
 .text          0x00000000        0x0 obj/StillImageClassHost.o
 .data          0x00000000        0x0 obj/StillImageClassHost.o
 .bss           0x00000000        0x0 obj/StillImageClassHost.o
 .debug_info    0x00000000       0x56 obj/StillImageClassHost.o
 .debug_abbrev  0x00000000       0x26 obj/StillImageClassHost.o
 .debug_aranges
                0x00000000       0x18 obj/StillImageClassHost.o
 .debug_line    0x00000000       0x1d obj/StillImageClassHost.o
 .debug_str     0x00000000      0x1a3 obj/StillImageClassHost.o
 .comment       0x00000000       0x12 obj/StillImageClassHost.o
 .text          0x00000000        0x0 /usr/lib/gcc/avr/5.3.0/avr5/libgcc.a(_exit.o)
 .data          0x00000000        0x0 /usr/lib/gcc/avr/5.3.0/avr5/libgcc.a(_exit.o)
 .bss           0x00000000        0x0 /usr/lib/gcc/avr/5.3.0/avr5/libgcc.a(_exit.o)
 .text.libgcc.mul
                0x00000000        0x0 /usr/lib/gcc/avr/5.3.0/avr5/libgcc.a(_exit.o)
 .text.libgcc.div
                0x00000000        0x0 /usr/lib/gcc/avr/5.3.0/avr5/libgcc.a(_exit.o)
 .text.libgcc   0x00000000        0x0 /usr/lib/gcc/avr/5.3.0/avr5/libgcc.a(_exit.o)
 .text.libgcc.prologue
                0x00000000        0x0 /usr/lib/gcc/avr/5.3.0/avr5/libgcc.a(_exit.o)
 .text.libgcc.builtins
                0x00000000        0x0 /usr/lib/gcc/avr/5.3.0/avr5/libgcc.a(_exit.o)
 .text.libgcc.fmul
                0x00000000        0x0 /usr/lib/gcc/avr/5.3.0/avr5/libgcc.a(_exit.o)
 .text.libgcc.fixed
                0x00000000        0x0 /usr/lib/gcc/avr/5.3.0/avr5/libgcc.a(_exit.o)
 .text          0x00000000        0x0 /usr/lib/gcc/avr/5.3.0/avr5/libgcc.a(_copy_data.o)
 .data          0x00000000        0x0 /usr/lib/gcc/avr/5.3.0/avr5/libgcc.a(_copy_data.o)
 .bss           0x00000000        0x0 /usr/lib/gcc/avr/5.3.0/avr5/libgcc.a(_copy_data.o)
 .text.libgcc.mul
                0x00000000        0x0 /usr/lib/gcc/avr/5.3.0/avr5/libgcc.a(_copy_data.o)
 .text.libgcc.div
                0x00000000        0x0 /usr/lib/gcc/avr/5.3.0/avr5/libgcc.a(_copy_data.o)
 .text.libgcc   0x00000000        0x0 /usr/lib/gcc/avr/5.3.0/avr5/libgcc.a(_copy_data.o)
 .text.libgcc.prologue
                0x00000000        0x0 /usr/lib/gcc/avr/5.3.0/avr5/libgcc.a(_copy_data.o)
 .text.libgcc.builtins
                0x00000000        0x0 /usr/lib/gcc/avr/5.3.0/avr5/libgcc.a(_copy_data.o)
 .text.libgcc.fmul
                0x00000000        0x0 /usr/lib/gcc/avr/5.3.0/avr5/libgcc.a(_copy_data.o)
 .text.libgcc.fixed
                0x00000000        0x0 /usr/lib/gcc/avr/5.3.0/avr5/libgcc.a(_copy_data.o)
 .text          0x00000000        0x0 /usr/lib/gcc/avr/5.3.0/avr5/libgcc.a(_clear_bss.o)
 .data          0x00000000        0x0 /usr/lib/gcc/avr/5.3.0/avr5/libgcc.a(_clear_bss.o)
 .bss           0x00000000        0x0 /usr/lib/gcc/avr/5.3.0/avr5/libgcc.a(_clear_bss.o)
 .text.libgcc.mul
                0x00000000        0x0 /usr/lib/gcc/avr/5.3.0/avr5/libgcc.a(_clear_bss.o)
 .text.libgcc.div
                0x00000000        0x0 /usr/lib/gcc/avr/5.3.0/avr5/libgcc.a(_clear_bss.o)
 .text.libgcc   0x00000000        0x0 /usr/lib/gcc/avr/5.3.0/avr5/libgcc.a(_clear_bss.o)
 .text.libgcc.prologue
                0x00000000        0x0 /usr/lib/gcc/avr/5.3.0/avr5/libgcc.a(_clear_bss.o)
 .text.libgcc.builtins
                0x00000000        0x0 /usr/lib/gcc/avr/5.3.0/avr5/libgcc.a(_clear_bss.o)
 .text.libgcc.fmul
                0x00000000        0x0 /usr/lib/gcc/avr/5.3.0/avr5/libgcc.a(_clear_bss.o)
 .text.libgcc.fixed
                0x00000000        0x0 /usr/lib/gcc/avr/5.3.0/avr5/libgcc.a(_clear_bss.o)
 .text          0x00000000        0x0 /usr/lib/gcc/avr/5.3.0/../../../../avr/lib/avr5/libc.a(memcpy_P.o)
 .data          0x00000000        0x0 /usr/lib/gcc/avr/5.3.0/../../../../avr/lib/avr5/libc.a(memcpy_P.o)
 .bss           0x00000000        0x0 /usr/lib/gcc/avr/5.3.0/../../../../avr/lib/avr5/libc.a(memcpy_P.o)
 .text.avr-libc
                0x00000000       0x12 /usr/lib/gcc/avr/5.3.0/../../../../avr/lib/avr5/libc.a(memcpy_P.o)
 .text          0x00000000        0x0 /usr/lib/gcc/avr/5.3.0/../../../../avr/lib/avr5/libc.a(strlen_P.o)
 .data          0x00000000        0x0 /usr/lib/gcc/avr/5.3.0/../../../../avr/lib/avr5/libc.a(strlen_P.o)
 .bss           0x00000000        0x0 /usr/lib/gcc/avr/5.3.0/../../../../avr/lib/avr5/libc.a(strlen_P.o)
 .text.avr-libc
                0x00000000       0x12 /usr/lib/gcc/avr/5.3.0/../../../../avr/lib/avr5/libc.a(strlen_P.o)
 .text          0x00000000        0x0 /usr/lib/gcc/avr/5.3.0/../../../../avr/lib/avr5/libc.a(memcmp.o)
 .data          0x00000000        0x0 /usr/lib/gcc/avr/5.3.0/../../../../avr/lib/avr5/libc.a(memcmp.o)
 .bss           0x00000000        0x0 /usr/lib/gcc/avr/5.3.0/../../../../avr/lib/avr5/libc.a(memcmp.o)
 .text          0x00000000        0x0 /usr/lib/gcc/avr/5.3.0/../../../../avr/lib/avr5/libc.a(memcpy.o)
 .data          0x00000000        0x0 /usr/lib/gcc/avr/5.3.0/../../../../avr/lib/avr5/libc.a(memcpy.o)
 .bss           0x00000000        0x0 /usr/lib/gcc/avr/5.3.0/../../../../avr/lib/avr5/libc.a(memcpy.o)
 .text          0x00000000        0x0 /usr/lib/gcc/avr/5.3.0/../../../../avr/lib/avr5/libc.a(memset.o)
 .data          0x00000000        0x0 /usr/lib/gcc/avr/5.3.0/../../../../avr/lib/avr5/libc.a(memset.o)
 .bss           0x00000000        0x0 /usr/lib/gcc/avr/5.3.0/../../../../avr/lib/avr5/libc.a(memset.o)
 .text          0x00000000        0x0 /usr/lib/gcc/avr/5.3.0/../../../../avr/lib/avr5/libatmega32u4.a(eerd_byte.o)
 .data          0x00000000        0x0 /usr/lib/gcc/avr/5.3.0/../../../../avr/lib/avr5/libatmega32u4.a(eerd_byte.o)
 .bss           0x00000000        0x0 /usr/lib/gcc/avr/5.3.0/../../../../avr/lib/avr5/libatmega32u4.a(eerd_byte.o)
 .text.avr-libc
                0x00000000       0x10 /usr/lib/gcc/avr/5.3.0/../../../../avr/lib/avr5/libatmega32u4.a(eerd_byte.o)
 .text          0x00000000        0x0 /usr/lib/gcc/avr/5.3.0/../../../../avr/lib/avr5/libatmega32u4.a(eeupd_byte.o)
 .data          0x00000000        0x0 /usr/lib/gcc/avr/5.3.0/../../../../avr/lib/avr5/libatmega32u4.a(eeupd_byte.o)
 .bss           0x00000000        0x0 /usr/lib/gcc/avr/5.3.0/../../../../avr/lib/avr5/libatmega32u4.a(eeupd_byte.o)
 .text.avr-libc
                0x00000000       0x24 /usr/lib/gcc/avr/5.3.0/../../../../avr/lib/avr5/libatmega32u4.a(eeupd_byte.o)

Memory Configuration

Name             Origin             Length             Attributes
text             0x00000000         0x00020000         xr
data             0x00800060         0x0000ffa0         rw !x
eeprom           0x00810000         0x00010000         rw !x
fuse             0x00820000         0x00000400         rw !x
lock             0x00830000         0x00000400         rw !x
signature        0x00840000         0x00000400         rw !x
user_signatures  0x00850000         0x00000400         rw !x
*default*        0x00000000         0xffffffff

Linker script and memory map

Address of section .data set to 0x800100
LOAD /usr/lib/gcc/avr/5.3.0/../../../../avr/lib/avr5/crtatmega32u4.o
LOAD obj/Joystick.o
LOAD obj/Descriptors.o
LOAD obj/HIDParser.o
LOAD obj/Device_AVR8.o
LOAD obj/EndpointStream_AVR8.o
LOAD obj/Endpoint_AVR8.o
LOAD obj/Host_AVR8.o
LOAD obj/PipeStream_AVR8.o
LOAD obj/Pipe_AVR8.o
LOAD obj/USBController_AVR8.o
LOAD obj/USBInterrupt_AVR8.o
LOAD obj/ConfigDescriptors.o
LOAD obj/DeviceStandardReq.o
LOAD obj/Events.o
LOAD obj/HostStandardReq.o
LOAD obj/USBTask.o
LOAD obj/AudioClassDevice.o
LOAD obj/CDCClassDevice.o
LOAD obj/HIDClassDevice.o
LOAD obj/MassStorageClassDevice.o
LOAD obj/MIDIClassDevice.o
LOAD obj/PrinterClassDevice.o
LOAD obj/RNDISClassDevice.o
LOAD obj/AndroidAccessoryClassHost.o
LOAD obj/AudioClassHost.o
LOAD obj/CDCClassHost.o
LOAD obj/HIDClassHost.o
LOAD obj/MassStorageClassHost.o
LOAD obj/MIDIClassHost.o
LOAD obj/PrinterClassHost.o
LOAD obj/RNDISClassHost.o
LOAD obj/StillImageClassHost.o
LOAD /usr/lib/gcc/avr/5.3.0/../../../../avr/lib/avr5/libm.a
START GROUP
LOAD /usr/lib/gcc/avr/5.3.0/avr5/libgcc.a
LOAD /usr/lib/gcc/avr/5.3.0/../../../../avr/lib/avr5/libm.a
LOAD /usr/lib/gcc/avr/5.3.0/../../../../avr/lib/avr5/libc.a
LOAD /usr/lib/gcc/avr/5.3.0/../../../../avr/lib/avr5/libatmega32u4.a
END GROUP
                0x00020000                __TEXT_REGION_LENGTH__ = DEFINED (__TEXT_REGION_LENGTH__)?__TEXT_REGION_LENGTH__:0x20000
                0x0000ffa0                __DATA_REGION_LENGTH__ = DEFINED (__DATA_REGION_LENGTH__)?__DATA_REGION_LENGTH__:0xffa0
                0x00010000                __EEPROM_REGION_LENGTH__ = DEFINED (__EEPROM_REGION_LENGTH__)?__EEPROM_REGION_LENGTH__:0x10000
                0x00000400                __FUSE_REGION_LENGTH__ = DEFINED (__FUSE_REGION_LENGTH__)?__FUSE_REGION_LENGTH__:0x400
                0x00000400                __LOCK_REGION_LENGTH__ = DEFINED (__LOCK_REGION_LENGTH__)?__LOCK_REGION_LENGTH__:0x400
                0x00000400                __SIGNATURE_REGION_LENGTH__ = DEFINED (__SIGNATURE_REGION_LENGTH__)?__SIGNATURE_REGION_LENGTH__:0x400
                0x00000400                __USER_SIGNATURE_REGION_LENGTH__ = DEFINED (__USER_SIGNATURE_REGION_LENGTH__)?__USER_SIGNATURE_REGION_LENGTH__:0x400

.hash
 *(.hash)

.dynsym
 *(.dynsym)

.dynstr
 *(.dynstr)

.gnu.version
 *(.gnu.version)

.gnu.version_d
 *(.gnu.version_d)

.gnu.version_r
 *(.gnu.version_r)

.rel.init
 *(.rel.init)

.rela.init
 *(.rela.init)

.rel.text
 *(.rel.text)
 *(.rel.text.*)
 *(.rel.gnu.linkonce.t*)

.rela.text
 *(.rela.text)
 *(.rela.text.*)
 *(.rela.gnu.linkonce.t*)

.rel.fini
 *(.rel.fini)

.rela.fini
 *(.rela.fini)

.rel.rodata
 *(.rel.rodata)
 *(.rel.rodata.*)
 *(.rel.gnu.linkonce.r*)

.rela.rodata
 *(.rela.rodata)
 *(.rela.rodata.*)
 *(.rela.gnu.linkonce.r*)

.rel.data
 *(.rel.data)
 *(.rel.data.*)
 *(.rel.gnu.linkonce.d*)

.rela.data
 *(.rela.data)
 *(.rela.data.*)
 *(.rela.gnu.linkonce.d*)

.rel.ctors
 *(.rel.ctors)

.rela.ctors
 *(.rela.ctors)

.rel.dtors
 *(.rel.dtors)

.rela.dtors
 *(.rela.dtors)

.rel.got
 *(.rel.got)

.rela.got
 *(.rela.got)

.rel.bss
 *(.rel.bss)

.rela.bss
 *(.rela.bss)

.rel.plt
 *(.rel.plt)

.rela.plt
 *(.rela.plt)

.text           0x00000000     0x110e
 *(.vectors)
 .vectors       0x00000000       0xac /usr/lib/gcc/avr/5.3.0/../../../../avr/lib/avr5/crtatmega32u4.o
                0x00000000                __vectors
                0x00000000                __vector_default
 *(.vectors)
 *(.progmem.gcc*)
                0x000000ac                . = ALIGN (0x2)
                0x000000ac                __trampolines_start = .
 *(.trampolines)
 .trampolines   0x000000ac        0x0 linker stubs
 *(.trampolines*)
                0x000000ac                __trampolines_end = .
 *libprintf_flt.a:*(.progmem.data)
 *libc.a:*(.progmem.data)
 *(.progmem*)
 .progmem.data  0x000000ac       0xb4 obj/Descriptors.o
                0x000000ac                ProductString
                0x000000d4                ManufacturerString
                0x000000ee                LanguageString
                0x000000f2                ConfigurationDescriptor
                0x00000114                DeviceDescriptor
                0x00000126                JoystickReport
                0x00000160                . = ALIGN (0x2)
 *(.jumptables)
 *(.jumptables*)
 *(.lowtext)
 *(.lowtext*)
                0x00000160                __ctors_start = .
 *(.ctors)
                0x00000160                __ctors_end = .
                0x00000160                __dtors_start = .
 *(.dtors)
                0x00000160                __dtors_end = .
 SORT(*)(.ctors)
 SORT(*)(.dtors)
 *(.init0)
 .init0         0x00000160        0x0 /usr/lib/gcc/avr/5.3.0/../../../../avr/lib/avr5/crtatmega32u4.o
                0x00000160                __init
 *(.init0)
 *(.init1)
 *(.init1)
 *(.init2)
 .init2         0x00000160        0xc /usr/lib/gcc/avr/5.3.0/../../../../avr/lib/avr5/crtatmega32u4.o
 *(.init2)
 *(.init3)
 *(.init3)
 *(.init4)
 .init4         0x0000016c       0x16 /usr/lib/gcc/avr/5.3.0/avr5/libgcc.a(_copy_data.o)
                0x0000016c                __do_copy_data
 .init4         0x00000182       0x10 /usr/lib/gcc/avr/5.3.0/avr5/libgcc.a(_clear_bss.o)
                0x00000182                __do_clear_bss
 *(.init4)
 *(.init5)
 *(.init5)
 *(.init6)
 *(.init6)
 *(.init7)
 *(.init7)
 *(.init8)
 *(.init8)
 *(.init9)
 .init9         0x00000192        0x4 /usr/lib/gcc/avr/5.3.0/../../../../avr/lib/avr5/crtatmega32u4.o
 *(.init9)
 *(.text)
 .text          0x00000196        0x2 /usr/lib/gcc/avr/5.3.0/../../../../avr/lib/avr5/crtatmega32u4.o
                0x00000196                __vector_38
                0x00000196                __vector_22
                0x00000196                __vector_28
                0x00000196                __vector_1
                0x00000196                __vector_32
                0x00000196                __vector_34
                0x00000196                __vector_24
                0x00000196                __vector_12
                0x00000196                __bad_interrupt
                0x00000196                __vector_6
                0x00000196                __vector_31
                0x00000196                __vector_35
                0x00000196                __vector_39
                0x00000196                __vector_3
                0x00000196                __vector_23
                0x00000196                __vector_30
                0x00000196                __vector_25
                0x00000196                __vector_11
                0x00000196                __vector_13
                0x00000196                __vector_17
                0x00000196                __vector_19
                0x00000196                __vector_7
                0x00000196                __vector_41
                0x00000196                __vector_27
                0x00000196                __vector_5
                0x00000196                __vector_33
                0x00000196                __vector_37
                0x00000196                __vector_4
                0x00000196                __vector_9
                0x00000196                __vector_2
                0x00000196                __vector_21
                0x00000196                __vector_15
                0x00000196                __vector_36
                0x00000196                __vector_29
                0x00000196                __vector_40
                0x00000196                __vector_8
                0x00000196                __vector_26
                0x00000196                __vector_14
                0x00000196                __vector_16
                0x00000196                __vector_18
                0x00000196                __vector_20
                0x00000196                __vector_42
                0x00000198                . = ALIGN (0x2)
 *(.text.*)
 .text.LEDs_SetAllLEDs
                0x00000198       0x28 obj/Joystick.o
 .text.SetupHardware
                0x000001c0       0x58 obj/Joystick.o
                0x000001c0                SetupHardware
 .text.startup.main
                0x00000218       0x12 obj/Joystick.o
                0x00000218                main
 .text.EVENT_USB_Device_Connect
                0x0000022a        0x4 obj/Joystick.o
                0x0000022a                EVENT_USB_Device_Connect
 .text.EVENT_USB_Device_Disconnect
                0x0000022e        0x4 obj/Joystick.o
                0x0000022e                EVENT_USB_Device_Disconnect
 .text.EVENT_USB_Device_ConfigurationChanged
                0x00000232       0x1c obj/Joystick.o
                0x00000232                EVENT_USB_Device_ConfigurationChanged
 .text.EVENT_USB_Device_ControlRequest
                0x0000024e        0x6 obj/Joystick.o
                0x0000024e                EVENT_USB_Device_ControlRequest
 .text.EVENT_USB_Device_StartOfFrame
                0x00000254       0x18 obj/Joystick.o
                0x00000254                EVENT_USB_Device_StartOfFrame
 .text.CALLBACK_HID_Device_CreateHIDReport
                0x0000026c       0x60 obj/Joystick.o
                0x0000026c                CALLBACK_HID_Device_CreateHIDReport
 .text.CALLBACK_HID_Device_ProcessHIDReport
                0x000002cc        0x2 obj/Joystick.o
                0x000002cc                CALLBACK_HID_Device_ProcessHIDReport
 .text.CALLBACK_USB_GetDescriptor
                0x000002ce       0x82 obj/Descriptors.o
                0x000002ce                CALLBACK_USB_GetDescriptor
 .text.Endpoint_Write_Stream_LE
                0x00000350       0x94 obj/EndpointStream_AVR8.o
                0x00000350                Endpoint_Write_Stream_LE
 .text.Endpoint_Write_Control_Stream_LE
                0x000003e4       0xbc obj/EndpointStream_AVR8.o
                0x000003e4                Endpoint_Write_Control_Stream_LE
 .text.Endpoint_Read_Control_Stream_LE
                0x000004a0       0x80 obj/EndpointStream_AVR8.o
                0x000004a0                Endpoint_Read_Control_Stream_LE
 .text.Endpoint_Write_Control_PStream_LE
                0x00000520       0xc2 obj/EndpointStream_AVR8.o
                0x00000520                Endpoint_Write_Control_PStream_LE
 .text.Endpoint_ConfigureEndpoint_Prv
                0x000005e2       0x6a obj/Endpoint_AVR8.o
                0x000005e2                Endpoint_ConfigureEndpoint_Prv
 .text.Endpoint_ConfigureEndpointTable
                0x0000064c       0x86 obj/Endpoint_AVR8.o
                0x0000064c                Endpoint_ConfigureEndpointTable
 .text.Endpoint_ClearStatusStage
                0x000006d2       0x3e obj/Endpoint_AVR8.o
                0x000006d2                Endpoint_ClearStatusStage
 .text.Endpoint_WaitUntilReady
                0x00000710       0x66 obj/Endpoint_AVR8.o
                0x00000710                Endpoint_WaitUntilReady
 .text.USB_ResetInterface
                0x00000776       0x80 obj/USBController_AVR8.o
                0x00000776                USB_ResetInterface
 .text.USB_Init
                0x000007f6       0x20 obj/USBController_AVR8.o
                0x000007f6                USB_Init
 .text.USB_INT_DisableAllInterrupts
                0x00000816       0x10 obj/USBInterrupt_AVR8.o
                0x00000816                USB_INT_DisableAllInterrupts
 .text.USB_INT_ClearAllInterrupts
                0x00000826        0xa obj/USBInterrupt_AVR8.o
                0x00000826                USB_INT_ClearAllInterrupts
 .text.__vector_10
                0x00000830      0x18c obj/USBInterrupt_AVR8.o
                0x00000830                __vector_10
 .text.USB_Device_ProcessControlRequest
                0x000009bc      0x2c2 obj/DeviceStandardReq.o
                0x000009bc                USB_Device_ProcessControlRequest
 .text.USB_Event_Stub
                0x00000c7e        0x2 obj/Events.o
                0x00000c7e                EVENT_USB_Device_WakeUp
                0x00000c7e                USB_Event_Stub
                0x00000c7e                EVENT_USB_Device_Suspend
                0x00000c7e                EVENT_USB_Device_Reset
 .text.USB_USBTask
                0x00000c80       0x34 obj/USBTask.o
                0x00000c80                USB_USBTask
 .text.HID_Device_ProcessControlRequest
                0x00000cb4      0x272 obj/HIDClassDevice.o
                0x00000cb4                HID_Device_ProcessControlRequest
 .text.HID_Device_ConfigureEndpoints
                0x00000f26       0x26 obj/HIDClassDevice.o
                0x00000f26                HID_Device_ConfigureEndpoints
 .text.HID_Device_USBTask
                0x00000f4c      0x184 obj/HIDClassDevice.o
                0x00000f4c                HID_Device_USBTask
 .text.avr-libc
                0x000010d0       0x1a /usr/lib/gcc/avr/5.3.0/../../../../avr/lib/avr5/libc.a(memcmp.o)
                0x000010d0                memcmp
 .text.avr-libc
                0x000010ea       0x12 /usr/lib/gcc/avr/5.3.0/../../../../avr/lib/avr5/libc.a(memcpy.o)
                0x000010ea                memcpy
 .text.avr-libc
                0x000010fc        0xe /usr/lib/gcc/avr/5.3.0/../../../../avr/lib/avr5/libc.a(memset.o)
                0x000010fc                memset
                0x0000110a                . = ALIGN (0x2)
 *(.fini9)
 .fini9         0x0000110a        0x0 /usr/lib/gcc/avr/5.3.0/avr5/libgcc.a(_exit.o)
                0x0000110a                exit
                0x0000110a                _exit
 *(.fini9)
 *(.fini8)
 *(.fini8)
 *(.fini7)
 *(.fini7)
 *(.fini6)
 *(.fini6)
 *(.fini5)
 *(.fini5)
 *(.fini4)
 *(.fini4)
 *(.fini3)
 *(.fini3)
 *(.fini2)
 *(.fini2)
 *(.fini1)
 *(.fini1)
 *(.fini0)
 .fini0         0x0000110a        0x4 /usr/lib/gcc/avr/5.3.0/avr5/libgcc.a(_exit.o)
 *(.fini0)
                0x0000110e                _etext = .

.data           0x00800100       0x10 load address 0x0000110e
                0x00800100                PROVIDE (__data_start, .)
 *(.data)
 .data          0x00800100       0x10 obj/Joystick.o
                0x00800100                Joystick_HID_Interface
 *(.data*)
 *(.rodata)
 *(.rodata*)
 *(.gnu.linkonce.d*)
                0x00800110                . = ALIGN (0x2)
                0x00800110                _edata = .
                0x00800110                PROVIDE (__data_end, .)

.bss            0x00800110       0x11
                0x00800110                PROVIDE (__bss_start, .)
 *(.bss)
 .bss           0x00800110        0x4 obj/Joystick.o
 *(.bss*)
 *(COMMON)
 COMMON         0x00800114        0x3 obj/DeviceStandardReq.o
                0x00800114                USB_Device_ConfigurationNumber
                0x00800115                USB_Device_CurrentlySelfPowered
                0x00800116                USB_Device_RemoteWakeupEnabled
 COMMON         0x00800117        0xa obj/USBTask.o
                0x00800117                USB_IsInitialized
                0x00800118                USB_DeviceState
                0x00800119                USB_ControlRequest
                0x00800121                PROVIDE (__bss_end, .)
                0x0000110e                __data_load_start = LOADADDR (.data)
                0x0000111e                __data_load_end = (__data_load_start + SIZEOF (.data))

.noinit         0x00800121        0x0
                [!provide]                PROVIDE (__noinit_start, .)
 *(.noinit*)
                [!provide]                PROVIDE (__noinit_end, .)
                0x00800121                _end = .
                [!provide]                PROVIDE (__heap_start, .)

.eeprom         0x00810000        0x0
 *(.eeprom*)
                0x00810000                __eeprom_end = .

.fuse
 *(.fuse)
 *(.lfuse)
 *(.hfuse)
 *(.efuse)

.lock
 *(.lock*)

.signature
 *(.signature*)

.stab
 *(.stab)

.stabstr
 *(.stabstr)

.stab.excl
 *(.stab.excl)

.stab.exclstr
 *(.stab.exclstr)

.stab.index
 *(.stab.index)

.stab.indexstr
 *(.stab.indexstr)

.comment        0x00000000       0x11
 *(.comment)
 .comment       0x00000000       0x11 obj/Joystick.o
                                 0x12 (size before relaxing)
 .comment       0x00000011       0x12 obj/Descriptors.o
 .comment       0x00000011       0x12 obj/EndpointStream_AVR8.o
 .comment       0x00000011       0x12 obj/Endpoint_AVR8.o
 .comment       0x00000011       0x12 obj/USBController_AVR8.o
 .comment       0x00000011       0x12 obj/USBInterrupt_AVR8.o
 .comment       0x00000011       0x12 obj/DeviceStandardReq.o
 .comment       0x00000011       0x12 obj/Events.o
 .comment       0x00000011       0x12 obj/USBTask.o
 .comment       0x00000011       0x12 obj/HIDClassDevice.o

.note.gnu.avr.deviceinfo
                0x00000000       0x40
 .note.gnu.avr.deviceinfo
                0x00000000       0x40 /usr/lib/gcc/avr/5.3.0/../../../../avr/lib/avr5/crtatmega32u4.o

.note.gnu.build-id
 *(.note.gnu.build-id)

.debug
 *(.debug)

.line
 *(.line)

.debug_srcinfo
 *(.debug_srcinfo)

.debug_sfnames
 *(.debug_sfnames)

.debug_aranges  0x00000000      0x280
 *(.debug_aranges)
 .debug_aranges
                0x00000000       0x68 obj/Joystick.o
 .debug_aranges
                0x00000068       0x20 obj/Descriptors.o
 .debug_aranges
                0x00000088       0xc8 obj/EndpointStream_AVR8.o
 .debug_aranges
                0x00000150       0x40 obj/Endpoint_AVR8.o
 .debug_aranges
                0x00000190       0x30 obj/USBController_AVR8.o
 .debug_aranges
                0x000001c0       0x30 obj/USBInterrupt_AVR8.o
 .debug_aranges
                0x000001f0       0x20 obj/DeviceStandardReq.o
 .debug_aranges
                0x00000210       0x20 obj/Events.o
 .debug_aranges
                0x00000230       0x20 obj/USBTask.o
 .debug_aranges
                0x00000250       0x30 obj/HIDClassDevice.o

.debug_pubnames
 *(.debug_pubnames)

.debug_info     0x00000000     0x587d
 *(.debug_info .gnu.linkonce.wi.*)
 .debug_info    0x00000000      0x9f4 /usr/lib/gcc/avr/5.3.0/../../../../avr/lib/avr5/crtatmega32u4.o
 .debug_info    0x000009f4      0x783 obj/Joystick.o
 .debug_info    0x00001177      0x700 obj/Descriptors.o
 .debug_info    0x00001877     0x182f obj/EndpointStream_AVR8.o
 .debug_info    0x000030a6      0x620 obj/Endpoint_AVR8.o
 .debug_info    0x000036c6      0x4e7 obj/USBController_AVR8.o
 .debug_info    0x00003bad      0x687 obj/USBInterrupt_AVR8.o
 .debug_info    0x00004234      0xa4c obj/DeviceStandardReq.o
 .debug_info    0x00004c80       0x78 obj/Events.o
 .debug_info    0x00004cf8      0x272 obj/USBTask.o
 .debug_info    0x00004f6a      0x913 obj/HIDClassDevice.o

.debug_abbrev   0x00000000     0x1b6c
 *(.debug_abbrev)
 .debug_abbrev  0x00000000      0x96a /usr/lib/gcc/avr/5.3.0/../../../../avr/lib/avr5/crtatmega32u4.o
 .debug_abbrev  0x0000096a      0x2ce obj/Joystick.o
 .debug_abbrev  0x00000c38      0x173 obj/Descriptors.o
 .debug_abbrev  0x00000dab      0x1ea obj/EndpointStream_AVR8.o
 .debug_abbrev  0x00000f95      0x226 obj/Endpoint_AVR8.o
 .debug_abbrev  0x000011bb      0x191 obj/USBController_AVR8.o
 .debug_abbrev  0x0000134c      0x1b4 obj/USBInterrupt_AVR8.o
 .debug_abbrev  0x00001500      0x29c obj/DeviceStandardReq.o
 .debug_abbrev  0x0000179c       0x44 obj/Events.o
 .debug_abbrev  0x000017e0      0x16b obj/USBTask.o
 .debug_abbrev  0x0000194b      0x221 obj/HIDClassDevice.o

.debug_line     0x00000000     0x2fc3
 *(.debug_line .debug_line.* .debug_line_end)
 .debug_line    0x00000000       0x1d /usr/lib/gcc/avr/5.3.0/../../../../avr/lib/avr5/crtatmega32u4.o
 .debug_line    0x0000001d      0x432 obj/Joystick.o
 .debug_line    0x0000044f      0x1bf obj/Descriptors.o
 .debug_line    0x0000060e     0x13eb obj/EndpointStream_AVR8.o
 .debug_line    0x000019f9      0x44a obj/Endpoint_AVR8.o
 .debug_line    0x00001e43      0x2b6 obj/USBController_AVR8.o
 .debug_line    0x000020f9      0x424 obj/USBInterrupt_AVR8.o
 .debug_line    0x0000251d      0x44c obj/DeviceStandardReq.o
 .debug_line    0x00002969       0x51 obj/Events.o
 .debug_line    0x000029ba      0x147 obj/USBTask.o
 .debug_line    0x00002b01      0x4c2 obj/HIDClassDevice.o

.debug_frame    0x00000000      0x770
 *(.debug_frame)
 .debug_frame   0x00000000       0xc0 obj/Joystick.o
 .debug_frame   0x000000c0       0x24 obj/Descriptors.o
 .debug_frame   0x000000e4      0x3bc obj/EndpointStream_AVR8.o
 .debug_frame   0x000004a0       0x78 obj/Endpoint_AVR8.o
 .debug_frame   0x00000518       0x58 obj/USBController_AVR8.o
 .debug_frame   0x00000570       0x8c obj/USBInterrupt_AVR8.o
 .debug_frame   0x000005fc       0x3c obj/DeviceStandardReq.o
 .debug_frame   0x00000638       0x24 obj/Events.o
 .debug_frame   0x0000065c       0x2c obj/USBTask.o
 .debug_frame   0x00000688       0xe8 obj/HIDClassDevice.o

.debug_str      0x00000000     0x232d
 *(.debug_str)
 .debug_str     0x00000000      0x371 /usr/lib/gcc/avr/5.3.0/../../../../avr/lib/avr5/crtatmega32u4.o
 .debug_str     0x00000371      0x651 obj/Joystick.o
                                0x6c5 (size before relaxing)
 .debug_str     0x000009c2      0x6e5 obj/Descriptors.o
                                0x931 (size before relaxing)
 .debug_str     0x000010a7      0x679 obj/EndpointStream_AVR8.o
                                0x867 (size before relaxing)
 .debug_str     0x00001720      0x2d2 obj/Endpoint_AVR8.o
                                0x61b (size before relaxing)
 .debug_str     0x000019f2      0x207 obj/USBController_AVR8.o
                                0x55a (size before relaxing)
 .debug_str     0x00001bf9      0x110 obj/USBInterrupt_AVR8.o
                                0x52f (size before relaxing)
 .debug_str     0x00001d09      0x43b obj/DeviceStandardReq.o
                                0x9cd (size before relaxing)
 .debug_str     0x00002144       0x30 obj/Events.o
                                0x19f (size before relaxing)
 .debug_str     0x00002174       0x5a obj/USBTask.o
                                0x380 (size before relaxing)
 .debug_str     0x000021ce      0x15f obj/HIDClassDevice.o
                                0x700 (size before relaxing)

.debug_loc      0x00000000     0x3211
 *(.debug_loc)
 .debug_loc     0x00000000      0x19c obj/Joystick.o
 .debug_loc     0x0000019c      0x24b obj/Descriptors.o
 .debug_loc     0x000003e7     0x1f93 obj/EndpointStream_AVR8.o
 .debug_loc     0x0000237a      0x38d obj/Endpoint_AVR8.o
 .debug_loc     0x00002707       0xd5 obj/USBController_AVR8.o
 .debug_loc     0x000027dc      0x2ab obj/USBInterrupt_AVR8.o
 .debug_loc     0x00002a87      0x2f6 obj/DeviceStandardReq.o
 .debug_loc     0x00002d7d       0x49 obj/USBTask.o
 .debug_loc     0x00002dc6      0x44b obj/HIDClassDevice.o

.debug_macinfo
 *(.debug_macinfo)

.debug_weaknames
 *(.debug_weaknames)

.debug_funcnames
 *(.debug_funcnames)

.debug_typenames
 *(.debug_typenames)

.debug_varnames
 *(.debug_varnames)

.debug_pubtypes
 *(.debug_pubtypes)

.debug_ranges   0x00000000      0x398
 *(.debug_ranges)
 .debug_ranges  0x00000000       0x58 obj/Joystick.o
 .debug_ranges  0x00000058       0x28 obj/Descriptors.o
 .debug_ranges  0x00000080      0x1f8 obj/EndpointStream_AVR8.o
 .debug_ranges  0x00000278       0x78 obj/Endpoint_AVR8.o
 .debug_ranges  0x000002f0       0x20 obj/USBController_AVR8.o
 .debug_ranges  0x00000310       0x20 obj/USBInterrupt_AVR8.o
 .debug_ranges  0x00000330       0x28 obj/DeviceStandardReq.o
 .debug_ranges  0x00000358       0x10 obj/Events.o
 .debug_ranges  0x00000368       0x10 obj/USBTask.o
 .debug_ranges  0x00000378       0x20 obj/HIDClassDevice.o

.debug_macro
 *(.debug_macro)
OUTPUT(Joystick.elf elf32-avr)
LOAD linker stubs

Cross Reference Table

Symbol                                            File
Audio_Device_ConfigureEndpoints                   obj/AudioClassDevice.o
Audio_Device_Event_Stub                           obj/AudioClassDevice.o
Audio_Device_ProcessControlRequest                obj/AudioClassDevice.o
CALLBACK_Audio_Device_GetSetEndpointProperty      obj/AudioClassDevice.o
CALLBACK_Audio_Device_GetSetInterfaceProperty     obj/AudioClassDevice.o
CALLBACK_HIDParser_FilterHIDReportItem            obj/HIDParser.o
CALLBACK_HID_Device_CreateHIDReport               obj/Joystick.o
                                                  obj/HIDClassDevice.o
CALLBACK_HID_Device_ProcessHIDReport              obj/Joystick.o
                                                  obj/HIDClassDevice.o
CALLBACK_MS_Device_SCSICommandReceived            obj/MassStorageClassDevice.o
CALLBACK_USB_GetDescriptor                        obj/Descriptors.o
                                                  obj/DeviceStandardReq.o
CDC_Device_BytesReceived                          obj/CDCClassDevice.o
CDC_Device_ConfigureEndpoints                     obj/CDCClassDevice.o
CDC_Device_CreateBlockingStream                   obj/CDCClassDevice.o
CDC_Device_CreateStream                           obj/CDCClassDevice.o
CDC_Device_Event_Stub                             obj/CDCClassDevice.o
CDC_Device_Flush                                  obj/CDCClassDevice.o
CDC_Device_ProcessControlRequest                  obj/CDCClassDevice.o
CDC_Device_ReceiveByte                            obj/CDCClassDevice.o
CDC_Device_SendByte                               obj/CDCClassDevice.o
CDC_Device_SendControlLineStateChange             obj/CDCClassDevice.o
CDC_Device_SendData                               obj/CDCClassDevice.o
CDC_Device_SendData_P                             obj/CDCClassDevice.o
CDC_Device_SendString                             obj/CDCClassDevice.o
CDC_Device_SendString_P                           obj/CDCClassDevice.o
CDC_Device_USBTask                                obj/CDCClassDevice.o
ConfigurationDescriptor                           obj/Descriptors.o
DeviceDescriptor                                  obj/Descriptors.o
EVENT_Audio_Device_StreamStartStop                obj/AudioClassDevice.o
EVENT_CDC_Device_BreakSent                        obj/CDCClassDevice.o
EVENT_CDC_Device_ControLineStateChanged           obj/CDCClassDevice.o
EVENT_CDC_Device_LineEncodingChanged              obj/CDCClassDevice.o
EVENT_PRNT_Device_SoftReset                       obj/PrinterClassDevice.o
EVENT_USB_Device_ConfigurationChanged             obj/Joystick.o
                                                  obj/DeviceStandardReq.o
EVENT_USB_Device_Connect                          obj/Joystick.o
                                                  obj/USBInterrupt_AVR8.o
EVENT_USB_Device_ControlRequest                   obj/Joystick.o
                                                  obj/DeviceStandardReq.o
EVENT_USB_Device_Disconnect                       obj/Joystick.o
                                                  obj/USBInterrupt_AVR8.o
EVENT_USB_Device_Reset                            obj/Events.o
                                                  obj/USBInterrupt_AVR8.o
EVENT_USB_Device_StartOfFrame                     obj/Joystick.o
                                                  obj/USBInterrupt_AVR8.o
EVENT_USB_Device_Suspend                          obj/Events.o
                                                  obj/USBInterrupt_AVR8.o
EVENT_USB_Device_WakeUp                           obj/Events.o
                                                  obj/USBInterrupt_AVR8.o
Endpoint_ClearEndpoints                           obj/Endpoint_AVR8.o
Endpoint_ClearStatusStage                         obj/Endpoint_AVR8.o
                                                  obj/PrinterClassDevice.o
                                                  obj/MassStorageClassDevice.o
                                                  obj/HIDClassDevice.o
                                                  obj/CDCClassDevice.o
                                                  obj/AudioClassDevice.o
                                                  obj/DeviceStandardReq.o
Endpoint_ConfigureEndpointTable                   obj/Endpoint_AVR8.o
                                                  obj/RNDISClassDevice.o
                                                  obj/PrinterClassDevice.o
                                                  obj/MIDIClassDevice.o
                                                  obj/MassStorageClassDevice.o
                                                  obj/HIDClassDevice.o
                                                  obj/CDCClassDevice.o
                                                  obj/AudioClassDevice.o
Endpoint_ConfigureEndpoint_Prv                    obj/Endpoint_AVR8.o
                                                  obj/USBInterrupt_AVR8.o
                                                  obj/USBController_AVR8.o
Endpoint_Discard_Stream                           obj/EndpointStream_AVR8.o
Endpoint_Null_Stream                              obj/EndpointStream_AVR8.o
Endpoint_Read_Control_EStream_BE                  obj/EndpointStream_AVR8.o
Endpoint_Read_Control_EStream_LE                  obj/EndpointStream_AVR8.o
Endpoint_Read_Control_Stream_BE                   obj/EndpointStream_AVR8.o
Endpoint_Read_Control_Stream_LE                   obj/EndpointStream_AVR8.o
                                                  obj/RNDISClassDevice.o
                                                  obj/HIDClassDevice.o
                                                  obj/AudioClassDevice.o
Endpoint_Read_EStream_BE                          obj/EndpointStream_AVR8.o
Endpoint_Read_EStream_LE                          obj/EndpointStream_AVR8.o
Endpoint_Read_Stream_BE                           obj/EndpointStream_AVR8.o
Endpoint_Read_Stream_LE                           obj/EndpointStream_AVR8.o
                                                  obj/RNDISClassDevice.o
                                                  obj/MIDIClassDevice.o
                                                  obj/MassStorageClassDevice.o
Endpoint_WaitUntilReady                           obj/Endpoint_AVR8.o
                                                  obj/RNDISClassDevice.o
                                                  obj/PrinterClassDevice.o
                                                  obj/MIDIClassDevice.o
                                                  obj/CDCClassDevice.o
                                                  obj/EndpointStream_AVR8.o
Endpoint_Write_Control_EStream_BE                 obj/EndpointStream_AVR8.o
Endpoint_Write_Control_EStream_LE                 obj/EndpointStream_AVR8.o
Endpoint_Write_Control_PStream_BE                 obj/EndpointStream_AVR8.o
Endpoint_Write_Control_PStream_LE                 obj/EndpointStream_AVR8.o
                                                  obj/DeviceStandardReq.o
Endpoint_Write_Control_Stream_BE                  obj/EndpointStream_AVR8.o
Endpoint_Write_Control_Stream_LE                  obj/EndpointStream_AVR8.o
                                                  obj/RNDISClassDevice.o
                                                  obj/PrinterClassDevice.o
                                                  obj/HIDClassDevice.o
                                                  obj/AudioClassDevice.o
                                                  obj/DeviceStandardReq.o
Endpoint_Write_EStream_BE                         obj/EndpointStream_AVR8.o
Endpoint_Write_EStream_LE                         obj/EndpointStream_AVR8.o
Endpoint_Write_PStream_BE                         obj/EndpointStream_AVR8.o
Endpoint_Write_PStream_LE                         obj/EndpointStream_AVR8.o
                                                  obj/CDCClassDevice.o
Endpoint_Write_Stream_BE                          obj/EndpointStream_AVR8.o
Endpoint_Write_Stream_LE                          obj/EndpointStream_AVR8.o
                                                  obj/RNDISClassDevice.o
                                                  obj/PrinterClassDevice.o
                                                  obj/MIDIClassDevice.o
                                                  obj/MassStorageClassDevice.o
                                                  obj/HIDClassDevice.o
                                                  obj/CDCClassDevice.o
HID_Device_ConfigureEndpoints                     obj/HIDClassDevice.o
                                                  obj/Joystick.o
HID_Device_ProcessControlRequest                  obj/HIDClassDevice.o
                                                  obj/Joystick.o
HID_Device_USBTask                                obj/HIDClassDevice.o
                                                  obj/Joystick.o
JoystickReport                                    obj/Descriptors.o
Joystick_HID_Interface                            obj/Joystick.o
LanguageString                                    obj/Descriptors.o
MIDI_Device_ConfigureEndpoints                    obj/MIDIClassDevice.o
MIDI_Device_Flush                                 obj/MIDIClassDevice.o
MIDI_Device_ReceiveEventPacket                    obj/MIDIClassDevice.o
MIDI_Device_SendEventPacket                       obj/MIDIClassDevice.o
MIDI_Device_USBTask                               obj/MIDIClassDevice.o
MS_Device_ConfigureEndpoints                      obj/MassStorageClassDevice.o
MS_Device_ProcessControlRequest                   obj/MassStorageClassDevice.o
MS_Device_USBTask                                 obj/MassStorageClassDevice.o
ManufacturerString                                obj/Descriptors.o
PRNT_Device_BytesReceived                         obj/PrinterClassDevice.o
PRNT_Device_ConfigureEndpoints                    obj/PrinterClassDevice.o
PRNT_Device_CreateBlockingStream                  obj/PrinterClassDevice.o
PRNT_Device_CreateStream                          obj/PrinterClassDevice.o
PRNT_Device_Event_Stub                            obj/PrinterClassDevice.o
PRNT_Device_Flush                                 obj/PrinterClassDevice.o
PRNT_Device_ProcessControlRequest                 obj/PrinterClassDevice.o
PRNT_Device_ReceiveByte                           obj/PrinterClassDevice.o
PRNT_Device_SendByte                              obj/PrinterClassDevice.o
PRNT_Device_SendData                              obj/PrinterClassDevice.o
PRNT_Device_SendString                            obj/PrinterClassDevice.o
PRNT_Device_USBTask                               obj/PrinterClassDevice.o
ProductString                                     obj/Descriptors.o
RNDIS_Device_ConfigureEndpoints                   obj/RNDISClassDevice.o
RNDIS_Device_IsPacketReceived                     obj/RNDISClassDevice.o
RNDIS_Device_ProcessControlRequest                obj/RNDISClassDevice.o
RNDIS_Device_ReadPacket                           obj/RNDISClassDevice.o
RNDIS_Device_SendPacket                           obj/RNDISClassDevice.o
RNDIS_Device_USBTask                              obj/RNDISClassDevice.o
SetupHardware                                     obj/Joystick.o
USB_ControlRequest                                obj/USBTask.o
                                                  obj/RNDISClassDevice.o
                                                  obj/PrinterClassDevice.o
                                                  obj/MassStorageClassDevice.o
                                                  obj/HIDClassDevice.o
                                                  obj/CDCClassDevice.o
                                                  obj/AudioClassDevice.o
                                                  obj/DeviceStandardReq.o
                                                  obj/Endpoint_AVR8.o
                                                  obj/EndpointStream_AVR8.o
USB_DeviceState                                   obj/USBTask.o
                                                  obj/RNDISClassDevice.o
                                                  obj/PrinterClassDevice.o
                                                  obj/MIDIClassDevice.o
                                                  obj/MassStorageClassDevice.o
                                                  obj/HIDClassDevice.o
                                                  obj/CDCClassDevice.o
                                                  obj/DeviceStandardReq.o
                                                  obj/USBInterrupt_AVR8.o
                                                  obj/USBController_AVR8.o
                                                  obj/Endpoint_AVR8.o
                                                  obj/EndpointStream_AVR8.o
USB_Device_ConfigurationNumber                    obj/DeviceStandardReq.o
                                                  obj/USBInterrupt_AVR8.o
                                                  obj/USBController_AVR8.o
USB_Device_CurrentlySelfPowered                   obj/DeviceStandardReq.o
                                                  obj/USBController_AVR8.o
USB_Device_ProcessControlRequest                  obj/DeviceStandardReq.o
                                                  obj/USBTask.o
USB_Device_RemoteWakeupEnabled                    obj/DeviceStandardReq.o
                                                  obj/USBController_AVR8.o
USB_Device_SendRemoteWakeup                       obj/Device_AVR8.o
USB_Disable                                       obj/USBController_AVR8.o
USB_Event_Stub                                    obj/Events.o
USB_GetHIDReportItemInfo                          obj/HIDParser.o
USB_GetHIDReportSize                              obj/HIDParser.o
USB_GetNextDescriptorComp                         obj/ConfigDescriptors.o
USB_GetNextDescriptorOfType                       obj/ConfigDescriptors.o
USB_GetNextDescriptorOfTypeAfter                  obj/ConfigDescriptors.o
USB_GetNextDescriptorOfTypeBefore                 obj/ConfigDescriptors.o
USB_INT_ClearAllInterrupts                        obj/USBInterrupt_AVR8.o
                                                  obj/USBController_AVR8.o
USB_INT_DisableAllInterrupts                      obj/USBInterrupt_AVR8.o
                                                  obj/USBController_AVR8.o
USB_Init                                          obj/USBController_AVR8.o
                                                  obj/Joystick.o
USB_IsInitialized                                 obj/USBTask.o
                                                  obj/USBController_AVR8.o
USB_ProcessHIDReport                              obj/HIDParser.o
USB_ResetInterface                                obj/USBController_AVR8.o
USB_SetHIDReportItemInfo                          obj/HIDParser.o
USB_USBTask                                       obj/USBTask.o
                                                  obj/PrinterClassDevice.o
                                                  obj/MassStorageClassDevice.o
                                                  obj/CDCClassDevice.o
                                                  obj/EndpointStream_AVR8.o
                                                  obj/Joystick.o
__bad_interrupt                                   /usr/lib/gcc/avr/5.3.0/../../../../avr/lib/avr5/crtatmega32u4.o
__bss_end                                         /usr/lib/gcc/avr/5.3.0/avr5/libgcc.a(_clear_bss.o)
__bss_start                                       /usr/lib/gcc/avr/5.3.0/avr5/libgcc.a(_clear_bss.o)
__data_end                                        /usr/lib/gcc/avr/5.3.0/avr5/libgcc.a(_copy_data.o)
__data_load_start                                 /usr/lib/gcc/avr/5.3.0/avr5/libgcc.a(_copy_data.o)
__data_start                                      /usr/lib/gcc/avr/5.3.0/avr5/libgcc.a(_copy_data.o)
__do_clear_bss                                    /usr/lib/gcc/avr/5.3.0/avr5/libgcc.a(_clear_bss.o)
                                                  obj/USBTask.o
                                                  obj/DeviceStandardReq.o
                                                  obj/Joystick.o
__do_copy_data                                    /usr/lib/gcc/avr/5.3.0/avr5/libgcc.a(_copy_data.o)
                                                  obj/RNDISClassDevice.o
                                                  obj/CDCClassDevice.o
                                                  obj/Joystick.o
__heap_end                                        /usr/lib/gcc/avr/5.3.0/../../../../avr/lib/avr5/crtatmega32u4.o
__init                                            /usr/lib/gcc/avr/5.3.0/../../../../avr/lib/avr5/crtatmega32u4.o
__stack                                           /usr/lib/gcc/avr/5.3.0/../../../../avr/lib/avr5/crtatmega32u4.o
__strlen_P                                        /usr/lib/gcc/avr/5.3.0/../../../../avr/lib/avr5/libc.a(strlen_P.o)
                                                  obj/CDCClassDevice.o
__vector_1                                        /usr/lib/gcc/avr/5.3.0/../../../../avr/lib/avr5/crtatmega32u4.o
__vector_10                                       obj/USBInterrupt_AVR8.o
                                                  /usr/lib/gcc/avr/5.3.0/../../../../avr/lib/avr5/crtatmega32u4.o
__vector_11                                       /usr/lib/gcc/avr/5.3.0/../../../../avr/lib/avr5/crtatmega32u4.o
__vector_12                                       /usr/lib/gcc/avr/5.3.0/../../../../avr/lib/avr5/crtatmega32u4.o
__vector_13                                       /usr/lib/gcc/avr/5.3.0/../../../../avr/lib/avr5/crtatmega32u4.o
__vector_14                                       /usr/lib/gcc/avr/5.3.0/../../../../avr/lib/avr5/crtatmega32u4.o
__vector_15                                       /usr/lib/gcc/avr/5.3.0/../../../../avr/lib/avr5/crtatmega32u4.o
__vector_16                                       /usr/lib/gcc/avr/5.3.0/../../../../avr/lib/avr5/crtatmega32u4.o
__vector_17                                       /usr/lib/gcc/avr/5.3.0/../../../../avr/lib/avr5/crtatmega32u4.o
__vector_18                                       /usr/lib/gcc/avr/5.3.0/../../../../avr/lib/avr5/crtatmega32u4.o
__vector_19                                       /usr/lib/gcc/avr/5.3.0/../../../../avr/lib/avr5/crtatmega32u4.o
__vector_2                                        /usr/lib/gcc/avr/5.3.0/../../../../avr/lib/avr5/crtatmega32u4.o
__vector_20                                       /usr/lib/gcc/avr/5.3.0/../../../../avr/lib/avr5/crtatmega32u4.o
__vector_21                                       /usr/lib/gcc/avr/5.3.0/../../../../avr/lib/avr5/crtatmega32u4.o
__vector_22                                       /usr/lib/gcc/avr/5.3.0/../../../../avr/lib/avr5/crtatmega32u4.o
__vector_23                                       /usr/lib/gcc/avr/5.3.0/../../../../avr/lib/avr5/crtatmega32u4.o
__vector_24                                       /usr/lib/gcc/avr/5.3.0/../../../../avr/lib/avr5/crtatmega32u4.o
__vector_25                                       /usr/lib/gcc/avr/5.3.0/../../../../avr/lib/avr5/crtatmega32u4.o
__vector_26                                       /usr/lib/gcc/avr/5.3.0/../../../../avr/lib/avr5/crtatmega32u4.o
__vector_27                                       /usr/lib/gcc/avr/5.3.0/../../../../avr/lib/avr5/crtatmega32u4.o
__vector_28                                       /usr/lib/gcc/avr/5.3.0/../../../../avr/lib/avr5/crtatmega32u4.o
__vector_29                                       /usr/lib/gcc/avr/5.3.0/../../../../avr/lib/avr5/crtatmega32u4.o
__vector_3                                        /usr/lib/gcc/avr/5.3.0/../../../../avr/lib/avr5/crtatmega32u4.o
__vector_30                                       /usr/lib/gcc/avr/5.3.0/../../../../avr/lib/avr5/crtatmega32u4.o
__vector_31                                       /usr/lib/gcc/avr/5.3.0/../../../../avr/lib/avr5/crtatmega32u4.o
__vector_32                                       /usr/lib/gcc/avr/5.3.0/../../../../avr/lib/avr5/crtatmega32u4.o
__vector_33                                       /usr/lib/gcc/avr/5.3.0/../../../../avr/lib/avr5/crtatmega32u4.o
__vector_34                                       /usr/lib/gcc/avr/5.3.0/../../../../avr/lib/avr5/crtatmega32u4.o
__vector_35                                       /usr/lib/gcc/avr/5.3.0/../../../../avr/lib/avr5/crtatmega32u4.o
__vector_36                                       /usr/lib/gcc/avr/5.3.0/../../../../avr/lib/avr5/crtatmega32u4.o
__vector_37                                       /usr/lib/gcc/avr/5.3.0/../../../../avr/lib/avr5/crtatmega32u4.o
__vector_38                                       /usr/lib/gcc/avr/5.3.0/../../../../avr/lib/avr5/crtatmega32u4.o
__vector_39                                       /usr/lib/gcc/avr/5.3.0/../../../../avr/lib/avr5/crtatmega32u4.o
__vector_4                                        /usr/lib/gcc/avr/5.3.0/../../../../avr/lib/avr5/crtatmega32u4.o
__vector_40                                       /usr/lib/gcc/avr/5.3.0/../../../../avr/lib/avr5/crtatmega32u4.o
__vector_41                                       /usr/lib/gcc/avr/5.3.0/../../../../avr/lib/avr5/crtatmega32u4.o
__vector_42                                       /usr/lib/gcc/avr/5.3.0/../../../../avr/lib/avr5/crtatmega32u4.o
__vector_5                                        /usr/lib/gcc/avr/5.3.0/../../../../avr/lib/avr5/crtatmega32u4.o
__vector_6                                        /usr/lib/gcc/avr/5.3.0/../../../../avr/lib/avr5/crtatmega32u4.o
__vector_7                                        /usr/lib/gcc/avr/5.3.0/../../../../avr/lib/avr5/crtatmega32u4.o
__vector_8                                        /usr/lib/gcc/avr/5.3.0/../../../../avr/lib/avr5/crtatmega32u4.o
__vector_9                                        /usr/lib/gcc/avr/5.3.0/../../../../avr/lib/avr5/crtatmega32u4.o
__vector_default                                  /usr/lib/gcc/avr/5.3.0/../../../../avr/lib/avr5/crtatmega32u4.o
__vectors                                         /usr/lib/gcc/avr/5.3.0/../../../../avr/lib/avr5/crtatmega32u4.o
_exit                                             /usr/lib/gcc/avr/5.3.0/avr5/libgcc.a(_exit.o)
eeprom_read_byte                                  /usr/lib/gcc/avr/5.3.0/../../../../avr/lib/avr5/libatmega32u4.a(eerd_byte.o)
                                                  obj/EndpointStream_AVR8.o
eeprom_update_byte                                /usr/lib/gcc/avr/5.3.0/../../../../avr/lib/avr5/libatmega32u4.a(eeupd_byte.o)
                                                  obj/EndpointStream_AVR8.o
eeprom_update_r18                                 /usr/lib/gcc/avr/5.3.0/../../../../avr/lib/avr5/libatmega32u4.a(eeupd_byte.o)
exit                                              /usr/lib/gcc/avr/5.3.0/avr5/libgcc.a(_exit.o)
                                                  /usr/lib/gcc/avr/5.3.0/../../../../avr/lib/avr5/crtatmega32u4.o
main                                              obj/Joystick.o
                                                  /usr/lib/gcc/avr/5.3.0/../../../../avr/lib/avr5/crtatmega32u4.o
memcmp                                            /usr/lib/gcc/avr/5.3.0/../../../../avr/lib/avr5/libc.a(memcmp.o)
                                                  obj/HIDClassDevice.o
memcpy                                            /usr/lib/gcc/avr/5.3.0/../../../../avr/lib/avr5/libc.a(memcpy.o)
                                                  obj/RNDISClassDevice.o
                                                  obj/HIDClassDevice.o
memcpy_P                                          /usr/lib/gcc/avr/5.3.0/../../../../avr/lib/avr5/libc.a(memcpy_P.o)
                                                  obj/RNDISClassDevice.o
memset                                            /usr/lib/gcc/avr/5.3.0/../../../../avr/lib/avr5/libc.a(memset.o)
                                                  obj/HIDClassDevice.o
